[nicolearcherpsyd.com/index.html]
[backblue.gif]
[fade.gif]
[index.html]
[nicolearcherpsyd.com/wp-content/themes/bubbles/stylebec5.css]
[nicolearcherpsyd.com/wp-includes/css/dist/block-library/style.minbec5.css]
[nicolearcherpsyd.com/wp-includes/js/mediaelement/mediaelementplayer-legacy.min08e1.css]
[secure.gravatar.com/index.html]
[nicolearcherpsyd.com/wp-includes/js/mediaelement/wp-mediaelement.minbec5.css]
[nicolearcherpsyd.com/feed/index.html]
[nicolearcherpsyd.com/wp-content/plugins/tmls_testimonials/css/testimonialsbec5.css]
[nicolearcherpsyd.com/wp-content/plugins/simple-social-icons/css/style5b75.css]
[nicolearcherpsyd.com/comments/feed/index.html]
[nicolearcherpsyd.com/wp-content/uploads/pum/pum-site-styles15a0.css]
[nicolearcherpsyd.com/wp-content/plugins/jetpack/css/jetpackb879.css]
[nicolearcherpsyd.com/wp-includes/js/jquery/jquery.minaf6c.js]
[nicolearcherpsyd.com/wp-includes/js/jquery/jquery-migrate.mind617.js]
[nicolearcherpsyd.com/wp-content/plugins/tmls_testimonials/js/helper-plugins/jquery.ba-throttle-debounce.minbec5.js]
[nicolearcherpsyd.com/wp-content/plugins/tmls_testimonials/js/helper-plugins/jquery.mousewheel.minbec5.js]
[nicolearcherpsyd.com/wp-content/plugins/tmls_testimonials/js/helper-plugins/jquery.touchSwipe.minbec5.js]
[nicolearcherpsyd.com/wp-content/plugins/tmls_testimonials/js/helper-plugins/jquery.transit.minbec5.js]
[nicolearcherpsyd.com/wp-content/plugins/tmls_testimonials/js/jquery.carouFredSel-6.2.1bec5.js]
[nicolearcherpsyd.com/wp-content/plugins/tmls_testimonials/js/testimonialsbec5.js]
[nicolearcherpsyd.com/wp-json/wp/v2/pages/6.json]
[nicolearcherpsyd.com/wp-json/index.html]
[nicolearcherpsyd.com/xmlrpc0db0.php]
[nicolearcherpsyd.com/wp-includes/wlwmanifest.xml]
[nicolearcherpsyd.com/wp-json/oembed/1.0/embedd3bc.json]
[nicolearcherpsyd.com/wp-json/oembed/1.0/embed9ecb]
[fonts.googleapis.com/index.html]
[nicolearcherpsyd.com/wp-content/themes/bubbles/images/favicon.18.delayed]
[nicolearcherpsyd.com/wp-content/themes/bubbles/fonts/font-awesome.min.css]
[nicolearcherpsyd.com/wp-content/themes/bubbles/css/bootstrap.min.css]
[nicolearcherpsyd.com/wp-content/themes/bubbles/style.css]
[nicolearcherpsyd.com/wp-content/themes/bubbles/js/bootstrap.min.js]
[nicolearcherpsyd.com/xmlrpc.php]
[nicolearcherpsyd.com/wp-content/themes/bubbles/bgs/mazewhite.png]
[nicolearcherpsyd.com/about-me/index.html]
[nicolearcherpsyd.com/online-therapy/index.html]
[nicolearcherpsyd.com/services/index.html]
[nicolearcherpsyd.com/faqs/index.html]
[nicolearcherpsyd.com/wp-content/uploads/2017/11/logo-nov2017.png]
[nicolearcherpsyd.com/mental-health-links/index.html]
[nicolearcherpsyd.com/fees/index.html]
[nicolearcherpsyd.com/recent-news/index.html]
[nicolearcherpsyd.com/appointment-request/index.html]
[nicolearcherpsyd.com/wp-content/themes/bubbles/css/animate.css]
[nicolearcherpsyd.com/wp-content/themes/bubbles/css/bxslider.css]
[nicolearcherpsyd.com/wp-content/themes/bubbles/js/bxslider/jquery.min.js]
[nicolearcherpsyd.com/blog/index.html]
[nicolearcherpsyd.com/contact/index.html]
[nicolearcherpsyd.com/wp-content/themes/bubbles/js/bxslider/jquery.bxslider.min.js]
[nicolearcherpsyd.com/wp-content/themes/bubbles/js/wow.min.js]
[i0.wp.com/nicolearcherpsyd.com/wp-content/uploads/2016/09/slide1-32048.png]
[nicolearcherpsyd.com/wp-content/themes/bubbles/js/selectnav.min.js]
[i0.wp.com/nicolearcherpsyd.com/wp-content/uploads/2015/12/cropped-NicoleHeadshoteb45.jpg]
[i0.wp.com/nicolearcherpsyd.com/wp-content/uploads/2017/01/serviceseb45.png]
[i0.wp.com/nicolearcherpsyd.com/wp-content/uploads/2016/03/cropped-beacheb45.png]
[i0.wp.com/nicolearcherpsyd.com/wp-content/uploads/2017/01/flowereb45.png]
[nicolearcherpsyd.com/wp-content/uploads/2017/01/privacy-policy.pdf]
[nicolearcherpsyd.com/wp-content/plugins/jetpack/_inc/build/photon/photon.min1c52.js]
[nicolearcherpsyd.com/wp-includes/js/jquery/ui/core.min0028.js]
[nicolearcherpsyd.com/wp-content/uploads/pum/pum-site-scripts746a.js]
[nicolearcherpsyd.com/index.html]
[stats.wp.com/e-202325.js]
[secure.gravatar.com/favicon.ico]
[s0.wp.com/i/noticons/noticonsd2b6.css]
[s.gravatar.com/dist/css/style.mind2b6.css]
[blog.gravatar.com/feed/index.html]
[s.gravatar.com/js/jcarousel/lib/jquery.jcarouseld2b6.css]
[s.gravatar.com/js/jcarousel/skins/tango/skind2b6.css]
[s.gravatar.com/dist/css/profile.mind2b6.css]
[secure.gravatar.com/index.html]
[s.gravatar.com/dist/css/homepage.mind2b6.css]
[s.w.org/index.html]
[v0.wordpress.com/index.html]
[widgets.wp.com/index.html]
[s0.wp.com/index.html]
[0.gravatar.com/index.html]
[1.gravatar.com/index.html]
[2.gravatar.com/index.html]
[i0.wp.com/index.html]
[nicolearcherpsyd.com/index5534.html]
[fonts.googleapis.com/index.html]
[fonts.gstatic.com/index.html]
[fonts.googleapis.com/css28b50.css]
[nicolearcherpsyd.com/index341f.html]
[nicolearcherpsyd.com/xmlrpc.php]
[i2.wp.com/nicolearcherpsyd.com/wp-content/uploads/2015/12/succulent2048.png]
[nicolearcherpsyd.com/wp-json/wp/v2/pages/8.json]
[nicolearcherpsyd.com/wp-json/oembed/1.0/embed1934.json]
[nicolearcherpsyd.com/wp-json/oembed/1.0/embeda422]
[nicolearcherpsyd.com/wp-content/uploads/2015/12/succulent.png]
[i0.wp.com/nicolearcherpsyd.com/wp-content/uploads/2015/12/NicoleHeadshot.jpg]
[i0.wp.com/nicolearcherpsyd.com/wp-content/uploads/2015/12/NicoleHeadshot-300x2429238.jpg]
[nicolearcherpsyd.com/wp-content/plugins/simple-social-icons/symbol-defs.svg]
[nicolearcherpsyd.com/wp-content/plugins/jetpack/_inc/build/carousel/jetpack-carousel.minb879.js]
[nicolearcherpsyd.com/about-me/index.html]
[i0.wp.com/nicolearcherpsyd.com/wp-content/uploads/2020/02/emma-matthews-digital-content-production-O_CLjxjzN3M-unsplash-e158224042135781c1.jpg]
[nicolearcherpsyd.com/wp-json/wp/v2/pages/2844.json]
[nicolearcherpsyd.com/wp-json/oembed/1.0/embedbc49.json]
[nicolearcherpsyd.com/wp-json/oembed/1.0/embedc15d]
[nicolearcherpsyd.com/wp-content/uploads/2020/02/emma-matthews-digital-content-production-O_CLjxjzN3M-unsplash-e1582240421357.jpg]
[nicolearcherpsyd.com/services/index.html]
[i0.wp.com/nicolearcherpsyd.com/wp-content/uploads/2017/11/linkedin-sales-navigator-402819-28b0d.jpg]
[nicolearcherpsyd.com/wp-json/wp/v2/pages/3862.json]
[nicolearcherpsyd.com/wp-json/oembed/1.0/embed4fbb.json]
[nicolearcherpsyd.com/wp-json/oembed/1.0/embed3859]
[nicolearcherpsyd.com/wp-content/uploads/2017/11/linkedin-sales-navigator-402819-2.jpg]
[nicolearcherpsyd.com/online-therapy/index.html]
[i0.wp.com/nicolearcherpsyd.com/wp-content/uploads/2017/01/contact2048.png]
[nicolearcherpsyd.com/wp-json/wp/v2/pages/16.json]
[nicolearcherpsyd.com/wp-json/oembed/1.0/embedb4d2.json]
[nicolearcherpsyd.com/wp-json/oembed/1.0/embed2f44]
[nicolearcherpsyd.com/wp-content/uploads/2017/01/contact.png]
[nicolearcherpsyd.com/faqs/index.html]
[i1.wp.com/nicolearcherpsyd.com/wp-content/uploads/2016/03/beach2048.png]
[nicolearcherpsyd.com/wp-json/wp/v2/pages/106.json]
[nicolearcherpsyd.com/wp-json/oembed/1.0/embedc797.json]
[nicolearcherpsyd.com/wp-json/oembed/1.0/embed1dc7]
[nicolearcherpsyd.com/wp-content/uploads/2016/03/beach.png]
[nicolearcherpsyd.com/fees/index.html]
[nicolearcherpsyd.com/wp-content/uploads/2015/12/alejandro-escamilla-3.jpg]
[nicolearcherpsyd.com/wp-content/plugins/wpforms-lite/assets/css/wpforms-full.min7836.css]
[nicolearcherpsyd.com/wp-json/wp/v2/pages/14.json]
[nicolearcherpsyd.com/wp-json/oembed/1.0/embedcf84.json]
[nicolearcherpsyd.com/wp-json/oembed/1.0/embeda034]
[nicolearcherpsyd.com/wp-content/plugins/wpforms-lite/assets/lib/jquery.validate.min782e.js]
[nicolearcherpsyd.com/wp-content/plugins/wpforms-lite/assets/lib/mailcheck.mincfa9.js]
[nicolearcherpsyd.com/wp-content/plugins/wpforms-lite/assets/lib/punycode.min8a54.js]
[nicolearcherpsyd.com/wp-content/plugins/wpforms-lite/assets/js/wpforms.min7836.js]
[www.google.com/recaptcha/api6680.js]
[nicolearcherpsyd.com/appointment-request/index.html]
[i0.wp.com/nicolearcherpsyd.com/wp-content/uploads/2015/12/cropped-NicoleHeadshot4cff.jpg]
[nicolearcherpsyd.com/wp-json/wp/v2/pages/2659.json]
[nicolearcherpsyd.com/wp-json/oembed/1.0/embed6327.json]
[nicolearcherpsyd.com/wp-json/oembed/1.0/embed2f26]
[nicolearcherpsyd.com/wp-content/plugins/wp-rss-aggregator/css/colorbox9a38.css]
[nicolearcherpsyd.com/wp-content/plugins/wp-rss-aggregator/css/templates/list/stylesb936.css]
[nicolearcherpsyd.com/wp-content/plugins/wp-rss-aggregator/js/jquery.colorbox-minbec5.js]
[nicolearcherpsyd.com/wp-content/plugins/wp-rss-aggregator/js/custombec5.js]
[nicolearcherpsyd.com/wp-content/plugins/wp-rss-aggregator/js/build/wpra-manifest.minb936.js]
[nicolearcherpsyd.com/wp-content/plugins/wp-rss-aggregator/js/build/pagination.minb936.js]
[nicolearcherpsyd.com/recent-news/index.html]
[nicolearcherpsyd.com/wp-json/wp/v2/pages/18.json]
[nicolearcherpsyd.com/wp-json/oembed/1.0/embedd543.json]
[nicolearcherpsyd.com/wp-json/oembed/1.0/embed5354]
[nicolearcherpsyd.com/mental-health-links/index.html]
[i0.wp.com/nicolearcherpsyd.com/wp-content/uploads/2017/11/stil-326684d8a9.jpg]
[i0.wp.com/nicolearcherpsyd.com/wp-content/uploads/2018/02/b23bd4c8-43c2-4fd7-b7e1-9d9cf50cb9f010be.jpg]
[nicolearcherpsyd.com/blog/page/2/index.html]
[nicolearcherpsyd.com/3-common-misconceptions-about-therapy/index.html]
[i0.wp.com/nicolearcherpsyd.com/wp-content/uploads/2018/02/0bdcc4bb-e4a8-4e1d-bfc0-f0524f171c3d10be.jpg]
[i0.wp.com/nicolearcherpsyd.com/wp-content/uploads/2018/02/8eaae2a5-3fcf-4804-b1e4-90ac4977e23e0b6a.jpg]
[nicolearcherpsyd.com/3-ways-therapy-helps-you-address-anxiety/index.html]
[i0.wp.com/nicolearcherpsyd.com/wp-content/uploads/2018/01/a9ba8cff-559b-4466-ac08-211a01ea2fbc10be.jpg]
[nicolearcherpsyd.com/category/general/index.html]
[nicolearcherpsyd.com/category/anxiety/index.html]
[nicolearcherpsyd.com/category/self-esteem/index.html]
[nicolearcherpsyd.com/5-ways-to-learn-to-like-yourself-better/index.html]
[nicolearcherpsyd.com/how-to-stop-beating-yourself-up/index.html]
[nicolearcherpsyd.com/4-ways-to-change-your-thoughts-and-relieve-depression/index.html]
[i0.wp.com/nicolearcherpsyd.com/wp-content/uploads/2018/01/f4135d36-a7f6-4016-a1e3-2cd2d6de4d8c189a.jpg]
[nicolearcherpsyd.com/blog/index.html]
[nicolearcherpsyd.com/wp-content/uploads/2017/01/Tulip.png]
[nicolearcherpsyd.com/category/depression/index.html]
[nicolearcherpsyd.com/blog/page/3/index.html]
[nicolearcherpsyd.com/wp-json/wp/v2/pages/12.json]
[nicolearcherpsyd.com/wp-json/oembed/1.0/embed338b.json]
[nicolearcherpsyd.com/wp-json/oembed/1.0/embed41ba]
[nicolearcherpsyd.com/contact/index.html]
[fonts.googleapis.com/css2db7d.css]
[fonts.googleapis.com/css32b6.css]
[nicolearcherpsyd.com/indexce33.html]
[nicolearcherpsyd.com/index3f35.html]
[nicolearcherpsyd.com/indexae68.html]
[nicolearcherpsyd.com/index62e1.html]
[nicolearcherpsyd.com/index825f.html]
[nicolearcherpsyd.com/indexa4f4.html]
[nicolearcherpsyd.com/index3a40.html]
[nicolearcherpsyd.com/index7f0d.html]
[nicolearcherpsyd.com/index19c9.html]
[nicolearcherpsyd.com/index0137.html]
[nicolearcherpsyd.com/index8ddd.html]
[nicolearcherpsyd.com/index8067.html]
[nicolearcherpsyd.com/indexea10.html]
[nicolearcherpsyd.com/index29cb.html]
[nicolearcherpsyd.com/indexba86.html]
[nicolearcherpsyd.com/index1469.html]
[nicolearcherpsyd.com/index3477.html]
[i0.wp.com/nicolearcherpsyd.com/wp-content/uploads/2017/12/5531ce1b-6caf-408f-b458-b3b8f8f5ed3e10be.jpg]
[nicolearcherpsyd.com/5-signs-that-you-might-be-struggling-with-anxiety/index.html]
[i0.wp.com/nicolearcherpsyd.com/wp-content/uploads/2017/12/09bed23e-270f-4cb0-8b3f-5bd89e8af86e10be.jpg]
[nicolearcherpsyd.com/set-yourself-up-for-success-the-importance-of-goal-setting-to-improve-self-esteem/index.html]
[i0.wp.com/nicolearcherpsyd.com/wp-content/uploads/2017/12/bethany-laird-31124896ef.jpg]
[nicolearcherpsyd.com/handling-perfectionism-related-anxiety-holidays/index.html]
[i0.wp.com/nicolearcherpsyd.com/wp-content/uploads/2017/11/How-to-Manage-stress-and-mental-health-while-in-graduate-school4cff.png]
[nicolearcherpsyd.com/tag/anxiety/index.html]
[nicolearcherpsyd.com/tag/holidays/index.html]
[nicolearcherpsyd.com/tag/perfectionism/index.html]
[nicolearcherpsyd.com/tag/stress/index.html]
[i0.wp.com/nicolearcherpsyd.com/wp-content/uploads/2017/11/d8871728-1418-4062-bcd1-25e1edb7576910be.jpg]
[nicolearcherpsyd.com/blog/page/2/index.html]
[nicolearcherpsyd.com/tag/therapy/index.html]
[nicolearcherpsyd.com/category/uncategorized/index.html]
[nicolearcherpsyd.com/indexf38a.html]
[nicolearcherpsyd.com/managing-stress-mental-health-graduate-school/index.html]
[nicolearcherpsyd.com/treat-yourself-the-importance-of-putting-yourself-first-self-care/index.html]
[i2.wp.com/nicolearcherpsyd.com/wp-content/uploads/2018/02/b23bd4c8-43c2-4fd7-b7e1-9d9cf50cb9f07fa5.jpg]
[nicolearcherpsyd.com/wp-content/plugins/jetpack/_inc/social-logos/social-logos.minb879.css]
[nicolearcherpsyd.com/wp-content/plugins/jetpack/_inc/build/related-posts/related-posts.min07b1.js]
[nicolearcherpsyd.com/3-common-misconceptions-about-therapy/feed/index.html]
[nicolearcherpsyd.com/wp-json/wp/v2/posts/4150.json]
[nicolearcherpsyd.com/wp-json/oembed/1.0/embed5291.json]
[nicolearcherpsyd.com/wp-json/oembed/1.0/embed83a6]
[nicolearcherpsyd.com/wp-includes/js/comment-reply.minbec5.js]
[nicolearcherpsyd.com/wp-content/plugins/jetpack/_inc/build/likes/queuehandler.minb879.js]
[nicolearcherpsyd.com/wp-content/plugins/jetpack/_inc/build/sharedaddy/sharing.minb879.js]
[nicolearcherpsyd.com/3-common-misconceptions-about-therapy/index.html]
[nicolearcherpsyd.com/author/nclrchr75205/index.html]
[nicolearcherpsyd.com/wp-json/wp/v2/categories/75.json]
[nicolearcherpsyd.com/category/general/index.html]
[i2.wp.com/nicolearcherpsyd.com/wp-content/uploads/2018/02/0bdcc4bb-e4a8-4e1d-bfc0-f0524f171c3d231e.jpg]
[nicolearcherpsyd.com/category/general/feed/index.html]
[nicolearcherpsyd.com/wp-json/wp/v2/posts/4132.json]
[nicolearcherpsyd.com/3-ways-therapy-helps-you-address-anxiety/feed/index.html]
[nicolearcherpsyd.com/wp-json/oembed/1.0/embedd1ec.json]
[nicolearcherpsyd.com/wp-json/oembed/1.0/embed5625]
[nicolearcherpsyd.com/3-ways-therapy-helps-you-address-anxiety/index.html]
[nicolearcherpsyd.com/wp-json/wp/v2/categories/72.json]
[nicolearcherpsyd.com/category/anxiety/index.html]
[i0.wp.com/nicolearcherpsyd.com/wp-content/uploads/2018/02/8eaae2a5-3fcf-4804-b1e4-90ac4977e23e3a1f.jpg]
[nicolearcherpsyd.com/category/anxiety/feed/index.html]
[nicolearcherpsyd.com/wp-json/wp/v2/posts/4122.json]
[nicolearcherpsyd.com/5-ways-to-learn-to-like-yourself-better/feed/index.html]
[nicolearcherpsyd.com/wp-json/oembed/1.0/embedb042.json]
[nicolearcherpsyd.com/wp-json/oembed/1.0/embed8b27]
[nicolearcherpsyd.com/5-ways-to-learn-to-like-yourself-better/index.html]
[nicolearcherpsyd.com/wp-json/wp/v2/categories/71.json]
[nicolearcherpsyd.com/category/self-esteem/index.html]
[i2.wp.com/nicolearcherpsyd.com/wp-content/uploads/2018/01/a9ba8cff-559b-4466-ac08-211a01ea2fbc7fa5.jpg]
[nicolearcherpsyd.com/category/self-esteem/feed/index.html]
[nicolearcherpsyd.com/wp-json/wp/v2/posts/4105.json]
[nicolearcherpsyd.com/how-to-stop-beating-yourself-up/feed/index.html]
[nicolearcherpsyd.com/wp-json/oembed/1.0/embedc68f.json]
[nicolearcherpsyd.com/wp-json/oembed/1.0/embedb7d0]
[nicolearcherpsyd.com/how-to-stop-beating-yourself-up/index.html]
[i2.wp.com/nicolearcherpsyd.com/wp-content/uploads/2018/01/f4135d36-a7f6-4016-a1e3-2cd2d6de4d8c4988.jpg]
[nicolearcherpsyd.com/4-ways-to-change-your-thoughts-and-relieve-depression/feed/index.html]
[nicolearcherpsyd.com/wp-json/wp/v2/posts/4096.json]
[nicolearcherpsyd.com/wp-json/oembed/1.0/embed2b0a.json]
[nicolearcherpsyd.com/wp-json/oembed/1.0/embedfaee]
[nicolearcherpsyd.com/4-ways-to-change-your-thoughts-and-relieve-depression/index.html]
[nicolearcherpsyd.com/wp-json/wp/v2/categories/74.json]
[nicolearcherpsyd.com/category/depression/index.html]
[nicolearcherpsyd.com/category/depression/feed/index.html]
[i0.wp.com/nicolearcherpsyd.com/wp-content/uploads/2017/11/timothy-eberly-420096-1f975.jpg]
[nicolearcherpsyd.com/blog/page/3/index.html]
[nicolearcherpsyd.com/indexd236.html]
[nicolearcherpsyd.com/index1ee6.html]
[nicolearcherpsyd.com/index2727.html]
[nicolearcherpsyd.com/indexb75c.html]
[nicolearcherpsyd.com/5-tips-manage-stress-holiday-season/index.html]
[nicolearcherpsyd.com/index901b.html]
[nicolearcherpsyd.com/tag/balance/index.html]
[nicolearcherpsyd.com/index75ca.html]
[nicolearcherpsyd.com/index840a.html]
[nicolearcherpsyd.com/indexc8e1.html]
[nicolearcherpsyd.com/index1315.html]
[nicolearcherpsyd.com/index9a8d.html]
[nicolearcherpsyd.com/indexb952.html]
[nicolearcherpsyd.com/indexffc5.html]
[i0.wp.com/nicolearcherpsyd.com/wp-content/uploads/2017/12/5531ce1b-6caf-408f-b458-b3b8f8f5ed3eb7e0.jpg]
[nicolearcherpsyd.com/wp-json/wp/v2/posts/4026.json]
[nicolearcherpsyd.com/5-signs-that-you-might-be-struggling-with-anxiety/feed/index.html]
[nicolearcherpsyd.com/wp-json/oembed/1.0/embedd154.json]
[nicolearcherpsyd.com/wp-json/oembed/1.0/embed89f2]
[nicolearcherpsyd.com/5-signs-that-you-might-be-struggling-with-anxiety/index.html]
[i0.wp.com/nicolearcherpsyd.com/wp-content/uploads/2017/12/09bed23e-270f-4cb0-8b3f-5bd89e8af86ee375.jpg]
[nicolearcherpsyd.com/wp-json/wp/v2/posts/4008.json]
[nicolearcherpsyd.com/set-yourself-up-for-success-the-importance-of-goal-setting-to-improve-self-esteem/feed/index.html]
[nicolearcherpsyd.com/wp-json/oembed/1.0/embed32f0.json]
[nicolearcherpsyd.com/wp-json/oembed/1.0/embed01cc]
[nicolearcherpsyd.com/set-yourself-up-for-success-the-importance-of-goal-setting-to-improve-self-esteem/index.html]
[i0.wp.com/nicolearcherpsyd.com/wp-content/uploads/2017/12/bethany-laird-311248783d.jpg]
[nicolearcherpsyd.com/wp-json/wp/v2/posts/3993.json]
[nicolearcherpsyd.com/handling-perfectionism-related-anxiety-holidays/feed/index.html]
[nicolearcherpsyd.com/wp-json/oembed/1.0/embed262c.json]
[nicolearcherpsyd.com/wp-json/oembed/1.0/embed27ed]
[nicolearcherpsyd.com/handling-perfectionism-related-anxiety-holidays/index.html]
[nicolearcherpsyd.com/author/nicolearcher/index.html]
[nicolearcherpsyd.com/wp-json/wp/v2/tags/67.json]
[nicolearcherpsyd.com/tag/anxiety/index.html]
[nicolearcherpsyd.com/wp-json/wp/v2/tags/69.json]
[nicolearcherpsyd.com/tag/holidays/index.html]
[nicolearcherpsyd.com/tag/anxiety/feed/index.html]
[nicolearcherpsyd.com/tag/holidays/feed/index.html]
[nicolearcherpsyd.com/wp-json/wp/v2/tags/73.json]
[nicolearcherpsyd.com/tag/perfectionism/index.html]
[nicolearcherpsyd.com/tag/perfectionism/feed/index.html]
[nicolearcherpsyd.com/wp-json/wp/v2/tags/68.json]
[nicolearcherpsyd.com/tag/stress/index.html]
[nicolearcherpsyd.com/tag/stress/feed/index.html]
[nicolearcherpsyd.com/wp-json/wp/v2/tags/6.json]
[nicolearcherpsyd.com/tag/therapy/index.html]
[nicolearcherpsyd.com/tag/therapy/feed/index.html]
[i0.wp.com/nicolearcherpsyd.com/wp-content/uploads/2017/11/How-to-Manage-stress-and-mental-health-while-in-graduate-school6bdb.png]
[nicolearcherpsyd.com/wp-json/wp/v2/posts/3949.json]
[nicolearcherpsyd.com/managing-stress-mental-health-graduate-school/feed/index.html]
[nicolearcherpsyd.com/wp-json/oembed/1.0/embedf83e.json]
[nicolearcherpsyd.com/wp-json/oembed/1.0/embedf9c0]
[i0.wp.com/nicolearcherpsyd.com/wp-content/uploads/2017/11/How-to-Manage-stress-and-mental-health-while-in-graduate-school-116bb.png]
[nicolearcherpsyd.com/managing-stress-mental-health-graduate-school/index.html]
[nicolearcherpsyd.com/wp-json/wp/v2/categories/1.json]
[nicolearcherpsyd.com/category/uncategorized/index.html]
[i0.wp.com/nicolearcherpsyd.com/wp-content/uploads/2017/11/d8871728-1418-4062-bcd1-25e1edb757697fa5.jpg]
[nicolearcherpsyd.com/category/uncategorized/feed/index.html]
[nicolearcherpsyd.com/wp-json/wp/v2/posts/3939.json]
[nicolearcherpsyd.com/treat-yourself-the-importance-of-putting-yourself-first-self-care/feed/index.html]
[nicolearcherpsyd.com/wp-json/oembed/1.0/embed4e1c.json]
[nicolearcherpsyd.com/wp-json/oembed/1.0/embeda5ba]
[nicolearcherpsyd.com/treat-yourself-the-importance-of-putting-yourself-first-self-care/index.html]
[nicolearcherpsyd.com/index6b8b.html]
[nicolearcherpsyd.com/index4f5b.html]
[nicolearcherpsyd.com/indexd5e1.html]
[nicolearcherpsyd.com/3-common-misconceptions-about-therapy/index9a7b.html]
[nicolearcherpsyd.com/3-common-misconceptions-about-therapy/index5a58.html]
[nicolearcherpsyd.com/index9c34.html]
[nicolearcherpsyd.com/indexb533.html]
[nicolearcherpsyd.com/index77b8.html]
[nicolearcherpsyd.com/3-ways-therapy-helps-you-address-anxiety/index9a7b.html]
[nicolearcherpsyd.com/3-ways-therapy-helps-you-address-anxiety/index5a58.html]
[nicolearcherpsyd.com/indexcee1.html]
[nicolearcherpsyd.com/index9ec0.html]
[nicolearcherpsyd.com/index4edf.html]
[nicolearcherpsyd.com/5-ways-to-learn-to-like-yourself-better/index9a7b.html]
[nicolearcherpsyd.com/5-ways-to-learn-to-like-yourself-better/index5a58.html]
[nicolearcherpsyd.com/index5293.html]
[nicolearcherpsyd.com/index157b.html]
[nicolearcherpsyd.com/indexd441.html]
[nicolearcherpsyd.com/how-to-stop-beating-yourself-up/index9a7b.html]
[nicolearcherpsyd.com/how-to-stop-beating-yourself-up/index5a58.html]
[nicolearcherpsyd.com/index0b79.html]
[nicolearcherpsyd.com/index6efb.html]
[nicolearcherpsyd.com/4-ways-to-change-your-thoughts-and-relieve-depression/index9a7b.html]
[nicolearcherpsyd.com/4-ways-to-change-your-thoughts-and-relieve-depression/index5a58.html]
[nicolearcherpsyd.com/index828c.html]
[nicolearcherpsyd.com/index2cbf.html]
[nicolearcherpsyd.com/wp-content/uploads/2017/11/timothy-eberly-420096-1-1024x551.jpg]
[nicolearcherpsyd.com/wp-json/wp/v2/posts/3908.json]
[nicolearcherpsyd.com/5-tips-manage-stress-holiday-season/feed/index.html]
[nicolearcherpsyd.com/wp-json/oembed/1.0/embed01d2.json]
[nicolearcherpsyd.com/wp-json/oembed/1.0/embed5515]
[nicolearcherpsyd.com/5-tips-manage-stress-holiday-season/index.html]
[nicolearcherpsyd.com/wp-json/wp/v2/tags/70.json]
[nicolearcherpsyd.com/tag/balance/index.html]
[nicolearcherpsyd.com/indexa045.html]
[nicolearcherpsyd.com/indexa721.html]
[nicolearcherpsyd.com/indexef6b.html]
[nicolearcherpsyd.com/index8451.html]
[nicolearcherpsyd.com/indexa714.html]
[nicolearcherpsyd.com/index5d0b.html]
[nicolearcherpsyd.com/index5269.html]
[nicolearcherpsyd.com/index6df3.html]
[nicolearcherpsyd.com/index42c5.html]
[nicolearcherpsyd.com/index7f94.html]
[nicolearcherpsyd.com/tag/balance/feed/index.html]
[nicolearcherpsyd.com/indexa6bf.html]
[nicolearcherpsyd.com/indexf1c3.html]
[nicolearcherpsyd.com/5-signs-that-you-might-be-struggling-with-anxiety/index9a7b.html]
[nicolearcherpsyd.com/5-signs-that-you-might-be-struggling-with-anxiety/index5a58.html]
[nicolearcherpsyd.com/index2be0.html]
[nicolearcherpsyd.com/index0cc6.html]
[nicolearcherpsyd.com/set-yourself-up-for-success-the-importance-of-goal-setting-to-improve-self-esteem/index9a7b.html]
[nicolearcherpsyd.com/set-yourself-up-for-success-the-importance-of-goal-setting-to-improve-self-esteem/index5a58.html]
[nicolearcherpsyd.com/index9f49.html]
[nicolearcherpsyd.com/index4a6f.html]
[nicolearcherpsyd.com/handling-perfectionism-related-anxiety-holidays/index9a7b.html]
[nicolearcherpsyd.com/handling-perfectionism-related-anxiety-holidays/index5a58.html]
[nicolearcherpsyd.com/index9184.html]
[nicolearcherpsyd.com/index94b9.html]
[nicolearcherpsyd.com/indexeb44.html]
[nicolearcherpsyd.com/index6119.html]
[nicolearcherpsyd.com/index0d05.html]
[nicolearcherpsyd.com/index2b36.html]
[nicolearcherpsyd.com/indexc960.html]
[nicolearcherpsyd.com/managing-stress-mental-health-graduate-school/index9a7b.html]
[nicolearcherpsyd.com/managing-stress-mental-health-graduate-school/index5a58.html]
[nicolearcherpsyd.com/index26cf.html]
[nicolearcherpsyd.com/index9d4f.html]
[nicolearcherpsyd.com/index087e.html]
[nicolearcherpsyd.com/treat-yourself-the-importance-of-putting-yourself-first-self-care/index9a7b.html]
[nicolearcherpsyd.com/treat-yourself-the-importance-of-putting-yourself-first-self-care/index5a58.html]
[nicolearcherpsyd.com/index750c.html]
[nicolearcherpsyd.com/indexbcbc.html]
[nicolearcherpsyd.com/index8b2d.html]
[nicolearcherpsyd.com/index1de3.html]
[nicolearcherpsyd.com/indexf968.html]
[nicolearcherpsyd.com/index547a.html]
[nicolearcherpsyd.com/index7dfb.html]
[nicolearcherpsyd.com/index54a9.html]
[nicolearcherpsyd.com/index3a3f.html]
[nicolearcherpsyd.com/indexca98.html]
[nicolearcherpsyd.com/index1f8e.html]
[nicolearcherpsyd.com/indexafee.html]
[nicolearcherpsyd.com/index34db.html]
[nicolearcherpsyd.com/5-tips-manage-stress-holiday-season/index9a7b.html]
[nicolearcherpsyd.com/5-tips-manage-stress-holiday-season/index5a58.html]
[nicolearcherpsyd.com/index0c47.html]
[nicolearcherpsyd.com/index9777.html]
[nicolearcherpsyd.com/index2b7e.html]
[nicolearcherpsyd.com/index9dfe.html]
[nicolearcherpsyd.com/indexa25c.html]
[nicolearcherpsyd.com/index8178.html]
[nicolearcherpsyd.com/index1d62.html]
[nicolearcherpsyd.com/index517a.html]
[nicolearcherpsyd.com/indexe704.html]
[nicolearcherpsyd.com/indexd348.html]
[nicolearcherpsyd.com/index1cb9.html]
[nicolearcherpsyd.com/indexd81b.html]
[nicolearcherpsyd.com/indexb911.html]
[nicolearcherpsyd.com/indexc5f3.html]
[nicolearcherpsyd.com/index648e.html]
[nicolearcherpsyd.com/indexc677.html]
[nicolearcherpsyd.com/index3c31.html]
[nicolearcherpsyd.com/index42c4.html]
[nicolearcherpsyd.com/index5380.html]
[nicolearcherpsyd.com/index6623.html]
[nicolearcherpsyd.com/index0ae6.html]
[nicolearcherpsyd.com/index0094.html]
[nicolearcherpsyd.com/index848e.html]
[nicolearcherpsyd.com/index7a66.html]
[nicolearcherpsyd.com/index410f.html]
[nicolearcherpsyd.com/index833a.html]
[nicolearcherpsyd.com/indexf12e.html]
[nicolearcherpsyd.com/indexba37.html]
[nicolearcherpsyd.com/index2e4f.html]
[nicolearcherpsyd.com/index8ab6.html]
[nicolearcherpsyd.com/index479b.html]
[nicolearcherpsyd.com/index6426.html]
[nicolearcherpsyd.com/index2cef.html]
[nicolearcherpsyd.com/index310f.html]
[nicolearcherpsyd.com/indexb858.html]
[nicolearcherpsyd.com/index7b84.html]
[nicolearcherpsyd.com/index4403.html]
[nicolearcherpsyd.com/index6b4d.html]
[nicolearcherpsyd.com/indexedaa.html]
[nicolearcherpsyd.com/comments/feed/index.html]
[nicolearcherpsyd.com/feed/index.html]
[v0.wordpress.com/index.html]
[nicolearcherpsyd.com/wp-json/index.html]
[i0.wp.com/nicolearcherpsyd.com/wp-content/uploads/2016/09/slide1-32048.png]
[nicolearcherpsyd.com/wp-content/themes/bubbles/fonts/stylesheet.css]
[i0.wp.com/nicolearcherpsyd.com/wp-content/uploads/2015/12/cropped-NicoleHeadshoteb45.jpg]
[i0.wp.com/nicolearcherpsyd.com/wp-content/uploads/2017/01/serviceseb45.png]
[i0.wp.com/nicolearcherpsyd.com/wp-content/uploads/2016/03/cropped-beacheb45.png]
[nicolearcherpsyd.com/wp-json/wp/v2/pages/6.json]
[nicolearcherpsyd.com/wp-content/themes/bubbles/images/logo.png]
[i0.wp.com/nicolearcherpsyd.com/wp-content/uploads/2017/01/flowereb45.png]
[blog.gravatar.com/feed/index.html]
[i2.wp.com/nicolearcherpsyd.com/wp-content/uploads/2015/12/succulent2048.png]
[stats.wp.com/e-202325.js]
[nicolearcherpsyd.com/wp-content/themes/bubbles/images/pdficon.gif]
[nicolearcherpsyd.com/wp-json/oembed/1.0/embeda422]
[nicolearcherpsyd.com/wp-content/themes/bubbles/images/pagetitle.png]
[i0.wp.com/nicolearcherpsyd.com/wp-content/uploads/2015/12/NicoleHeadshot.jpg]
[nicolearcherpsyd.com/wp-json/wp/v2/pages/8.json]
[i0.wp.com/nicolearcherpsyd.com/wp-content/uploads/2015/12/NicoleHeadshot-300x2429238.jpg]
[nicolearcherpsyd.com/wp-content/themes/bubbles/images/noise_bg1.png]
[i0.wp.com/nicolearcherpsyd.com/wp-content/uploads/2020/02/emma-matthews-digital-content-production-O_CLjxjzN3M-unsplash-e158224042135781c1.jpg]
[i0.wp.com/nicolearcherpsyd.com/wp-content/uploads/2017/11/linkedin-sales-navigator-402819-28b0d.jpg]
[nicolearcherpsyd.com/wp-json/wp/v2/pages/2844.json]
[nicolearcherpsyd.com/wp-content/themes/bubbles/images/noise_bg2.png]
[i0.wp.com/nicolearcherpsyd.com/wp-content/uploads/2017/01/contact2048.png]
[nicolearcherpsyd.com/wp-json/wp/v2/pages/3862.json]
[nicolearcherpsyd.com/wp-json/wp/v2/pages/16.json]
[nicolearcherpsyd.com/wp-content/themes/bubbles/images/module_icons_white.png]
[i1.wp.com/nicolearcherpsyd.com/wp-content/uploads/2016/03/beach2048.png]
[nicolearcherpsyd.com/wp-json/wp/v2/pages/106.json]
[nicolearcherpsyd.com/wp-content/uploads/2017/11/stil-326684.jpg]
[nicolearcherpsyd.com/wp-content/themes/bubbles/stylebec5.css]
[www.google.com/recaptcha/api6680.js]
[i0.wp.com/nicolearcherpsyd.com/wp-content/uploads/2015/12/cropped-NicoleHeadshot4cff.jpg]
[nicolearcherpsyd.com/wp-includes/css/dist/block-library/style.minbec5.css]
[nicolearcherpsyd.com/wp-json/wp/v2/pages/14.json]
[nicolearcherpsyd.com/wp-includes/js/mediaelement/mejs-controls.svg]
[nicolearcherpsyd.com/wp-includes/js/mediaelement/mediaelementplayer-legacy.min08e1.css]
[nicolearcherpsyd.com/wp-json/wp/v2/pages/2659.json]
[nicolearcherpsyd.com/wp-json/wp/v2/pages/18.json]
[nicolearcherpsyd.com/wp-includes/js/mediaelement/wp-mediaelement.minbec5.css]
[i0.wp.com/nicolearcherpsyd.com/wp-content/uploads/2017/11/stil-326684d8a9.jpg]
[i0.wp.com/nicolearcherpsyd.com/wp-content/uploads/2018/02/0bdcc4bb-e4a8-4e1d-bfc0-f0524f171c3d10be.jpg]
[nicolearcherpsyd.com/wp-content/plugins/tmls_testimonials/fonts/fontawesome/fontawesome-webfontba72.eot]
[i0.wp.com/nicolearcherpsyd.com/wp-content/uploads/2018/02/8eaae2a5-3fcf-4804-b1e4-90ac4977e23e0b6a.jpg]
[nicolearcherpsyd.com/wp-content/plugins/tmls_testimonials/fonts/fontawesome/fontawesome-webfontd41d.eot]
[i0.wp.com/nicolearcherpsyd.com/wp-content/uploads/2017/12/5531ce1b-6caf-408f-b458-b3b8f8f5ed3e10be.jpg]
[i0.wp.com/nicolearcherpsyd.com/wp-content/uploads/2017/12/bethany-laird-31124896ef.jpg]
[nicolearcherpsyd.com/wp-json/wp/v2/pages/12.json]
[nicolearcherpsyd.com/wp-content/plugins/tmls_testimonials/fonts/fontawesome/fontawesome-webfontba72.woff]
[nicolearcherpsyd.com/wp-content/plugins/tmls_testimonials/fonts/fontawesome/fontawesome-webfontba72.ttf]
[i0.wp.com/nicolearcherpsyd.com/wp-content/uploads/2017/11/d8871728-1418-4062-bcd1-25e1edb7576910be.jpg]
[nicolearcherpsyd.com/3-common-misconceptions-about-therapy/feed/index.html]
[i0.wp.com/nicolearcherpsyd.com/wp-content/uploads/2017/11/How-to-Manage-stress-and-mental-health-while-in-graduate-school4cff.png]
[i2.wp.com/nicolearcherpsyd.com/wp-content/uploads/2018/02/b23bd4c8-43c2-4fd7-b7e1-9d9cf50cb9f07fa5.jpg]
[i2.wp.com/nicolearcherpsyd.com/wp-content/uploads/2018/02/0bdcc4bb-e4a8-4e1d-bfc0-f0524f171c3d231e.jpg]
[nicolearcherpsyd.com/wp-content/plugins/tmls_testimonials/fonts/fontawesome/fontawesome-webfontba72.svg]
[nicolearcherpsyd.com/category/general/feed/index.html]
[nicolearcherpsyd.com/3-ways-therapy-helps-you-address-anxiety/feed/index.html]
[nicolearcherpsyd.com/wp-json/wp/v2/posts/4150.json]
[nicolearcherpsyd.com/wp-content/plugins/tmls_testimonials/images/next.png]
[nicolearcherpsyd.com/category/anxiety/feed/index.html]
[i0.wp.com/nicolearcherpsyd.com/wp-content/uploads/2018/02/8eaae2a5-3fcf-4804-b1e4-90ac4977e23e3a1f.jpg]
[nicolearcherpsyd.com/5-ways-to-learn-to-like-yourself-better/feed/index.html]
[nicolearcherpsyd.com/wp-json/wp/v2/posts/4132.json]
[nicolearcherpsyd.com/wp-json/wp/v2/posts/4122.json]
[nicolearcherpsyd.com/wp-content/plugins/tmls_testimonials/images/prev.png]
[nicolearcherpsyd.com/category/self-esteem/feed/index.html]
[i2.wp.com/nicolearcherpsyd.com/wp-content/uploads/2018/01/a9ba8cff-559b-4466-ac08-211a01ea2fbc7fa5.jpg]
[nicolearcherpsyd.com/wp-json/oembed/1.0/embedb042.json]
[nicolearcherpsyd.com/how-to-stop-beating-yourself-up/feed/index.html]
[nicolearcherpsyd.com/wp-content/plugins/tmls_testimonials/images/people_icon.png]
[i2.wp.com/nicolearcherpsyd.com/wp-content/uploads/2018/01/f4135d36-a7f6-4016-a1e3-2cd2d6de4d8c4988.jpg]
[nicolearcherpsyd.com/wp-json/wp/v2/posts/4105.json]
[nicolearcherpsyd.com/wp-content/plugins/tmls_testimonials/images/arrow.png]
[nicolearcherpsyd.com/wp-content/plugins/tmls_testimonials/css/testimonialsbec5.css]
[nicolearcherpsyd.com/4-ways-to-change-your-thoughts-and-relieve-depression/feed/index.html]
[nicolearcherpsyd.com/category/depression/feed/index.html]
[i0.wp.com/nicolearcherpsyd.com/wp-content/uploads/2017/12/5531ce1b-6caf-408f-b458-b3b8f8f5ed3eb7e0.jpg]
[nicolearcherpsyd.com/wp-json/wp/v2/posts/4096.json]
[nicolearcherpsyd.com/5-signs-that-you-might-be-struggling-with-anxiety/feed/index.html]
[i0.wp.com/nicolearcherpsyd.com/wp-content/uploads/2017/12/09bed23e-270f-4cb0-8b3f-5bd89e8af86ee375.jpg]
[nicolearcherpsyd.com/wp-content/plugins/simple-social-icons/css/style5b75.css]
[nicolearcherpsyd.com/set-yourself-up-for-success-the-importance-of-goal-setting-to-improve-self-esteem/feed/index.html]
[nicolearcherpsyd.com/wp-content/uploads/pum/pum-site-styles15a0.css]
[i0.wp.com/nicolearcherpsyd.com/wp-content/uploads/2017/12/bethany-laird-311248783d.jpg]
[nicolearcherpsyd.com/wp-json/wp/v2/posts/4026.json]
[nicolearcherpsyd.com/handling-perfectionism-related-anxiety-holidays/feed/index.html]
[nicolearcherpsyd.com/wp-content/plugins/jetpack/modules/shortcodes/img/slideshow-controls.png]
[nicolearcherpsyd.com/wp-json/wp/v2/posts/4008.json]
[nicolearcherpsyd.com/wp-json/wp/v2/posts/3993.json]
[nicolearcherpsyd.com/tag/anxiety/feed/index.html]
[nicolearcherpsyd.com/tag/holidays/feed/index.html]
[nicolearcherpsyd.com/wp-content/plugins/jetpack/modules/shortcodes/img/slideshow-controls-2x.png]
[nicolearcherpsyd.com/tag/perfectionism/feed/index.html]
[nicolearcherpsyd.com/wp-json/wp/v2/tags/69.json]
[nicolearcherpsyd.com/tag/stress/feed/index.html]
[nicolearcherpsyd.com/wp-json/wp/v2/tags/73.json]
[nicolearcherpsyd.com/wp-content/plugins/jetpack/modules/shortcodes/images/slide-nav.png]
[i0.wp.com/nicolearcherpsyd.com/wp-content/uploads/2017/11/How-to-Manage-stress-and-mental-health-while-in-graduate-school6bdb.png]
[nicolearcherpsyd.com/tag/therapy/feed/index.html]
[nicolearcherpsyd.com/wp-json/wp/v2/tags/68.json]
[nicolearcherpsyd.com/wp-json/wp/v2/tags/6.json]
[nicolearcherpsyd.com/wp-content/plugins/jetpack/modules/shortcodes/images/expand.png]
[i0.wp.com/nicolearcherpsyd.com/wp-content/uploads/2017/11/How-to-Manage-stress-and-mental-health-while-in-graduate-school-116bb.png]
[nicolearcherpsyd.com/managing-stress-mental-health-graduate-school/feed/index.html]
[nicolearcherpsyd.com/wp-json/wp/v2/posts/3949.json]
[nicolearcherpsyd.com/category/uncategorized/feed/index.html]
[nicolearcherpsyd.com/wp-content/plugins/jetpack/modules/shortcodes/images/collapse.png]
[nicolearcherpsyd.com/treat-yourself-the-importance-of-putting-yourself-first-self-care/feed/index.html]
[i0.wp.com/nicolearcherpsyd.com/wp-content/uploads/2017/11/d8871728-1418-4062-bcd1-25e1edb757697fa5.jpg]
[nicolearcherpsyd.com/wp-json/wp/v2/posts/3939.json]
[secure.gravatar.com/images/grav-share-sprite.e8.delayed]
[nicolearcherpsyd.com/5-tips-manage-stress-holiday-season/feed/index.html]
[nicolearcherpsyd.com/tag/balance/feed/index.html]
[nicolearcherpsyd.com/wp-content/plugins/jetpack/css/jetpackb879.css]
[nicolearcherpsyd.com/wp-json/wp/v2/posts/3908.json]
[secure.gravatar.com/images/grav-share-sprite.png]
[nicolearcherpsyd.com/xmlrpc0db0.php]
[nicolearcherpsyd.com/index341f.html]
[nicolearcherpsyd.com/wp-content/themes/bubbles/images/favicon.html]
[nicolearcherpsyd.com/wp-content/themes/bubbles/fonts/fontawesome-webfontf77b.eot]
[nicolearcherpsyd.com/wp-content/themes/bubbles/fonts/fontawesome-webfontd41d.eot]
[nicolearcherpsyd.com/wp-content/themes/bubbles/fonts/fontawesome-webfont.svg]
[nicolearcherpsyd.com/wp-content/themes/bubbles/fonts/fontawesome-webfontf77b.woff]
[nicolearcherpsyd.com/wp-content/themes/bubbles/fonts/fontawesome-webfontf77b.ttf]
[nicolearcherpsyd.com/wp-content/themes/bubbles/fonts/font-awesome.min.css]
[nicolearcherpsyd.com/wp-content/themes/bubbles/fonts/glyphicons-halflings-regular.eot]
[nicolearcherpsyd.com/wp-content/themes/bubbles/fonts/glyphicons-halflings-regulard41d.eot]
[nicolearcherpsyd.com/wp-content/themes/bubbles/fonts/glyphicons-halflings-regular.woff]
[nicolearcherpsyd.com/wp-content/themes/bubbles/fonts/glyphicons-halflings-regular.ttf]
[nicolearcherpsyd.com/wp-content/themes/bubbles/fonts/glyphicons-halflings-regular.svg]
[nicolearcherpsyd.com/wp-content/themes/bubbles/css/bootstrap.min.css]
[nicolearcherpsyd.com/wp-content/themes/bubbles/style.css]
[www.googletagmanager.com/gtm5445.html]
[nicolearcherpsyd.com/wp-content/themes/bubbles/css/animate.css]
[nicolearcherpsyd.com/wp-content/themes/bubbles/images/bx_loader.gif]
[nicolearcherpsyd.com/wp-content/themes/bubbles/images/controls.png]
[nicolearcherpsyd.com/wp-content/themes/bubbles/css/bxslider.css]
[s.gravatar.com/dist/css/style.mind2b6.css]
[s0.wp.com/i/noticons/noticonsd2b6.css]
[s.gravatar.com/js/jcarousel/lib/jquery.jcarouseld2b6.css]
[s.gravatar.com/js/jcarousel/skins/tango/skind2b6.css]
[s.gravatar.com/dist/css/profile.mind2b6.css]
[s.gravatar.com/dist/css/homepage.mind2b6.css]
[nicolearcherpsyd.com/index3f35.html]
[nicolearcherpsyd.com/indexae68.html]
[nicolearcherpsyd.com/wp-content/plugins/simple-social-icons/symbol-defs.svg]
[nicolearcherpsyd.com/index62e1.html]
[nicolearcherpsyd.com/indexa4f4.html]
[nicolearcherpsyd.com/index7f0d.html]
[nicolearcherpsyd.com/index0137.html]
[nicolearcherpsyd.com/wp-content/plugins/wpforms-lite/assets/images/times-solid-white.svg]
[nicolearcherpsyd.com/wp-content/plugins/wpforms-lite/assets/css/wpforms-full.min7836.css]
[nicolearcherpsyd.com/index8067.html]
[nicolearcherpsyd.com/index29cb.html]
[nicolearcherpsyd.com/wp-content/plugins/wp-rss-aggregator/images/colorbox/overlay.png]
[nicolearcherpsyd.com/wp-content/plugins/wp-rss-aggregator/images/colorbox/controls.png]
[nicolearcherpsyd.com/wp-content/plugins/wp-rss-aggregator/images/colorbox/border.png]
[nicolearcherpsyd.com/wp-content/plugins/wp-rss-aggregator/images/colorbox/loading_background.png]
[nicolearcherpsyd.com/wp-content/plugins/wp-rss-aggregator/images/colorbox/loading.gif]
[nicolearcherpsyd.com/wp-content/plugins/wp-rss-aggregator/images/colorbox/ie6/borderTopLeft.png]
[nicolearcherpsyd.com/wp-content/plugins/wp-rss-aggregator/images/colorbox/ie6/borderTopCenter.png]
[nicolearcherpsyd.com/wp-content/plugins/wp-rss-aggregator/images/colorbox/ie6/borderTopRight.png]
[nicolearcherpsyd.com/wp-content/plugins/wp-rss-aggregator/images/colorbox/ie6/borderBottomLeft.png]
[nicolearcherpsyd.com/wp-content/plugins/wp-rss-aggregator/images/colorbox/ie6/borderBottomCenter.png]
[nicolearcherpsyd.com/wp-content/plugins/wp-rss-aggregator/images/colorbox/ie6/borderBottomRight.png]
[nicolearcherpsyd.com/wp-content/plugins/wp-rss-aggregator/images/colorbox/ie6/borderMiddleLeft.png]
[nicolearcherpsyd.com/wp-content/plugins/wp-rss-aggregator/images/colorbox/ie6/borderMiddleRight.png]
[nicolearcherpsyd.com/wp-content/plugins/wp-rss-aggregator/css/colorbox9a38.css]
[nicolearcherpsyd.com/wp-content/plugins/wp-rss-aggregator/css/templates/list/stylesb936.css]
[nicolearcherpsyd.com/wp-content/plugins/wp-rss-aggregator/css/build/pagination.minb936.css]
[nicolearcherpsyd.com/index1469.html]
[nicolearcherpsyd.com/indexf38a.html]
[nicolearcherpsyd.com/category/anxiety/index.html]
[nicolearcherpsyd.com/category/self-esteem/index.html]
[nicolearcherpsyd.com/indexd236.html]
[nicolearcherpsyd.com/set-yourself-up-for-success-the-importance-of-goal-setting-to-improve-self-esteem/index.html]
[nicolearcherpsyd.com/tag/anxiety/index.html]
[nicolearcherpsyd.com/category/uncategorized/index.html]
[nicolearcherpsyd.com/index6b8b.html]
[nicolearcherpsyd.com/wp-content/plugins/jetpack/_inc/social-logos/social-logosc8bb.eot]
[nicolearcherpsyd.com/wp-content/plugins/jetpack/_inc/social-logos/social-logosc8bb.ttf]
[nicolearcherpsyd.com/wp-content/plugins/jetpack/_inc/social-logos/social-logos.minb879.css]
[nicolearcherpsyd.com/index4f5b.html]
[nicolearcherpsyd.com/wp-json/wp/v2/categories/75.json]
[nicolearcherpsyd.com/indexb533.html]
[nicolearcherpsyd.com/wp-json/wp/v2/categories/72.json]
[nicolearcherpsyd.com/index9ec0.html]
[nicolearcherpsyd.com/wp-json/oembed/1.0/embed8b27]
[nicolearcherpsyd.com/wp-json/wp/v2/categories/71.json]
[nicolearcherpsyd.com/index157b.html]
[nicolearcherpsyd.com/index0b79.html]
[nicolearcherpsyd.com/wp-json/wp/v2/categories/74.json]
[nicolearcherpsyd.com/indexa6bf.html]
[nicolearcherpsyd.com/index2be0.html]
[nicolearcherpsyd.com/index9f49.html]
[nicolearcherpsyd.com/wp-json/wp/v2/tags/67.json]
[nicolearcherpsyd.com/index94b9.html]
[nicolearcherpsyd.com/indexeb44.html]
[nicolearcherpsyd.com/index6119.html]
[nicolearcherpsyd.com/index0d05.html]
[nicolearcherpsyd.com/index2b36.html]
[nicolearcherpsyd.com/managing-stress-mental-health-graduate-school/index9a7b.html]
[nicolearcherpsyd.com/wp-json/wp/v2/categories/1.json]
[nicolearcherpsyd.com/index9d4f.html]
[nicolearcherpsyd.com/indexafee.html]
[nicolearcherpsyd.com/wp-json/wp/v2/tags/70.json]
[nicolearcherpsyd.com/wp-content/themes/bubbles/fonts/abeatbykai-webfont.eot]
[nicolearcherpsyd.com/wp-content/themes/bubbles/fonts/abeatbykai-webfontd41d.eot]
[nicolearcherpsyd.com/wp-content/themes/bubbles/fonts/abeatbykai-webfont.woff2]
[nicolearcherpsyd.com/wp-content/themes/bubbles/fonts/abeatbykai-webfont.woff]
[nicolearcherpsyd.com/wp-content/themes/bubbles/fonts/abeatbykai-webfont.ttf]
[nicolearcherpsyd.com/wp-content/themes/bubbles/fonts/abeatbykai-webfont.svg]
[nicolearcherpsyd.com/wp-content/themes/bubbles/fonts/stylesheet.css]
[nicolearcherpsyd.com/wp-content/themes/bubbles/images/logo.html]
[nicolearcherpsyd.com/wp-includes/js/mediaelement/mejs-controls.svg]
[nicolearcherpsyd.com/wp-content/plugins/tmls_testimonials/fonts/fontawesome/fontawesome-webfontba72.svg]
[nicolearcherpsyd.com/wp-content/themes/bubbles/fonts/fontawesome-webfont.svg]
[nicolearcherpsyd.com/wp-content/themes/bubbles/fonts/glyphicons-halflings-regular.svg]
[nicolearcherpsyd.com/wp-content/plugins/wpforms-lite/assets/images/times-solid-white.svg]
[nicolearcherpsyd.com/indexf434.html]
[nicolearcherpsyd.com/index8272.html]
[nicolearcherpsyd.com/index8e18.html]
[nicolearcherpsyd.com/index7633.html]
[nicolearcherpsyd.com/indexc465.html]
[nicolearcherpsyd.com/wp-content/themes/bubbles/fonts/abeatbykai-webfont.svg]
[nicolearcherpsyd.com/indexee38.html]
[nicolearcherpsyd.com/index4f38.html]
[nicolearcherpsyd.com/indexf083.html]
[nicolearcherpsyd.com/indexb093.html]
[nicolearcherpsyd.com/index4023.html]
[nicolearcherpsyd.com/indexfa9f.html]
[nicolearcherpsyd.com/indexa01c.html]
[nicolearcherpsyd.com/index8a17.html]
[nicolearcherpsyd.com/index0d46.html]
[nicolearcherpsyd.com/index0079.html]
